{
    "_id": "new_id",
    "_type": "",
    "_index": "",
    "_source": {
        "name": "John",
        "surname": "Smith"
    }
}
