{
    "query": {
        "ids": {
            "values": [
                "id1",
                "id2",
                "id3"
            ]
        }
    },
    "size": 10000
}
