{
    "query": {
        "match_all": {}
    },
    "size": 0
}
